# ColdFusion full CFML suite, 2026-09-26T14:34:35Z, snapshot = working tree on 420d026 (+ uncommitted P8-07/P8-10/P8-11 changes), parts=12
TAP version 13
# Subtest: health endpoint reports database and schema state with a correlation id
ok 1 - health endpoint reports database and schema state with a correlation id
  ---
  duration_ms: 54.33699
  type: 'test'
  ...
# Subtest: only index.cfm is served; other templates and unknown routes are JSON 404s
ok 2 - only index.cfm is served; other templates and unknown routes are JSON 404s
  ---
  duration_ms: 15.135235
  type: 'test'
  ...
# Subtest: maintenance endpoints are hidden without a valid token
ok 3 - maintenance endpoints are hidden without a valid token
  ---
  duration_ms: 48.712927
  type: 'test'
  ...
# Subtest: CFML test suite passes (unit specs and DB-04..09 integration specs)
ok 4 - CFML test suite passes (unit specs and DB-04..09 integration specs)
  ---
  duration_ms: 1386828.18065
  type: 'test'
  ...
# AuthorizationTest.testAuth03DistrictWalkRoleReachesWalksAcrossDescendantSchools: passed
# AuthorizationTest.testAuth04SchoolRoleCannotReachWalkInUnassignedSchool: passed
# AuthorizationTest.testAuth05ReportOnlyRolesCannotOpenOrEditWalks: passed
# AuthorizationTest.testAuth06InstrumentAdminHasNoWalkOrReportAccess: passed
# AuthorizationTest.testAuth07NotYetEffectiveAndExpiredAssignmentsGrantNothing: passed
# AuthorizationTest.testAuth08IncludeDescendantsCoversOnlyTheAssignedBranch: passed
# AuthorizationTest.testAuth09TamperedOrgUnitAndWalkIdentifiersAreRejected: passed
# AuthorizationTest.testDeniedAccessIsAuditedWithoutNarrativeOrTokens: passed
# AuthorizationTest.testEndingAnAssignmentRevokesAccessImmediately: passed
# AuthorizationTest.testInactiveOrgUnitAssignmentGrantsNothing: passed
# AuthorizationTest.testOnlyTheOwnerMayEditEvenWhenDetailsAreReadable: passed
# AuthorizationTest.testSchoolWalkRoleWorksInsideItsOwnSchool: passed
# ImportPublishEquivalenceTest.testBlankSectionTitleIsReportedIdenticallyByBothPaths: passed
# ImportPublishEquivalenceTest.testChoiceItemWithoutAResponseSetIsReportedIdenticallyByBothPaths: passed
# ImportPublishEquivalenceTest.testDuplicateAuthoringIdIsImportOnly: passed
# ImportPublishEquivalenceTest.testInactiveResponseSetIsReportedIdenticallyByBothPaths: passed
# ImportPublishEquivalenceTest.testInactiveRootIsReportedIdenticallyByBothPaths: passed
# ImportPublishEquivalenceTest.testInvalidDimensionDataTypeIsReportedIdenticallyByBothPaths: passed
# ImportPublishEquivalenceTest.testInvalidDisplayOrderIsReportedIdenticallyByBothPaths: passed
# ImportPublishEquivalenceTest.testNonDraftDeclarationIsImportOnly: passed
# ImportPublishEquivalenceTest.testRetiredContentIsReportedIdenticallyByBothPaths: passed
# ImportPublishEquivalenceTest.testUnknownOptionFilterIsReportedIdenticallyByBothPaths: passed
# ImportPublishEquivalenceTest.testUnparseableConditionsJsonIsImportOnly: passed
# ImportPublishEquivalenceTest.testUnresolvableAuthoringReferenceIsDiagnosedOnlyByImport: passed
# ImportPublishEquivalenceTest.testUnsupportedItemTypeIsReportedIdenticallyByBothPaths: passed
# ImportPublishEquivalenceTest.testUnsupportedRuleEffectIsReportedIdenticallyByBothPaths: passed
# LongTextRetrievalTest.testTheDatasourceReturnsLongTextWhole: passed
# LongTextRetrievalTest.testTheHealthCheckRefusesADatasourceThatTruncatesLongText: passed
# LongTextRetrievalTest.testTheHealthCheckReportsWholeLongText: passed
# RetireConcurrencyBarrierTest.testARetirementInsideCreationsWindowRefusesTheWalk: passed
# RetireConcurrencyBarrierTest.testARetirementQueuesBehindAWalkAlreadyPinnedToTheVersion: passed
# RetireConcurrencyBarrierTest.testTwoRetirementsCannotTogetherLeaveNothingInService: passed
# WalkSchoolScopeTest.testANonIdentifyingValueIsRefusedAsAnIdentityMapping: passed
# WalkSchoolScopeTest.testASchoolUnitCodedOtherStaysUnmappedAndFailsClosed: passed
# WalkSchoolScopeTest.testAWalkAuthorizedAtSchoolACannotBeSubmittedAsSchoolB: passed
# WalkSchoolScopeTest.testCodeEqualityAloneMapsNothing: passed
# WalkSchoolScopeTest.testDistrictUserMaySelectAnAuthorizedDescendantSchool: passed
# WalkSchoolScopeTest.testExplicitMappingIsFilledAndLocked: passed
# WalkSchoolScopeTest.testOneSchoolValueBelongsToOneOrgUnit: passed
# WalkSchoolScopeTest.testUnmappedSchoolUnitsAcceptNoSchoolValue: passed
# CanonicalJsonTest.testBracketKeysPreserveCase: passed
# CanonicalJsonTest.testDateFormatting: passed
# CanonicalJsonTest.testDecimalsFromDatabaseStyleValuesFormatPlainly: passed
# CanonicalJsonTest.testExplicitNullAssignmentSerializesAsNull: passed
# CanonicalJsonTest.testNullValuedKeysAreRetainedFromJson: passed
# CanonicalJsonTest.testSharedVectorsProduceIdenticalCanonicalText: passed
# InstrumentAdministrationTest.testACloneOntoAnExistingLabelIsRefusedAndAudited: passed
# InstrumentAdministrationTest.testADraftCanBeDiscardedButAPublishedVersionCannot: passed
# InstrumentAdministrationTest.testAMalformedCloneRequestIsRefused: passed
# InstrumentAdministrationTest.testAMalformedEditRequestIsRefused: passed
# InstrumentAdministrationTest.testAnEditThatBreaksTheInstrumentIsRefusedByTheSharedRules: passed
# InstrumentAdministrationTest.testAnEditThatChangesNothingWritesNothing: passed
# InstrumentAdministrationTest.testAnImportWithoutADocumentIsRefused: passed
# InstrumentAdministrationTest.testAPublishedVersionCannotBeEdited: passed
# InstrumentAdministrationTest.testCloneEditAndCompareShowTheExactPromptChange: passed
# InstrumentAdministrationTest.testImportOfTheSuppliedDocumentReturnsTheValidationSummary: passed
# InstrumentAdministrationTest.testOnlyAPublishedVersionCanBeRetired: passed
# InstrumentAdministrationTest.testPreviewIsTheRenderModelWalksRender: passed
# InstrumentAdministrationTest.testReportsStillOpenWhenNoVersionIsInService: passed
# InstrumentAdministrationTest.testRetiringAVersionInUseStopsNewWalksButNotHistoricalOnes: passed
# InstrumentAdministrationTest.testRetiringTheOnlyInServiceVersionRequiresConfirmation: passed
# InstrumentAdministrationTest.testStaleEditsAreRefusedAndChangeNothing: passed
# InstrumentAdministrationTest.testThePlaceholderQueueListsExactlySeventeenWithSourceAndStatus: passed
# Migration006LifecycleTest.testReapplying006AfterV2AddsANewValueLeavesPublishedV1Untouched: passed
# Migration006LifecycleTest.testTheMigrationRecordsItsTransitionStateDurably: passed
# Migration006LifecycleTest.testV2KeepsItsOwnNewValueAfterTheReapplication: passed
# RouterBodyOrderTest.testABodyDependentPermissionStillAuthenticatesFirstAndThenSeesTheBody: passed
# RouterBodyOrderTest.testACsrfInvalidLargeMalformedImportIsRefusedWithoutReadingOrParsing: passed
# RouterBodyOrderTest.testAMaintenanceRouteWithoutItsTokenIsHiddenWithoutReadingOrParsing: passed
# RouterBodyOrderTest.testAMalformedBodyWithinTheLimitIsStillInvalidJsonForAnAuthorizedCaller: passed
# RouterBodyOrderTest.testAnAuthorizedImportWithinTheLimitIsParsedOnceAndReachesTheController: passed
# RouterBodyOrderTest.testAnAuthorizedMalformedImportOverTheLimitIs413NotInvalidJson: passed
# RouterBodyOrderTest.testAnAuthorizedValidImportOverTheLimitIs413WithoutDeserialization: passed
# RouterBodyOrderTest.testAnUnauthenticatedLargeMalformedImportIsRefusedWithoutReadingOrParsing: passed
# RouterBodyOrderTest.testAUserWithoutThePermissionIsRefusedWithoutReadingOrParsing: passed
# RouterBodyOrderTest.testEveryOtherRouteIsBoundedByTheServerMaximum: passed
# RouterBodyOrderTest.testMultibyteTextIsMeasuredInUtf8BytesAndCannotSlipUnderTheLimit: passed
# RouterBodyOrderTest.testWhitespaceIsABodyThatParsesToNothing: passed
# WalkServiceTest.testAuditAndMutationLogsContainNoNarrativeContent: passed
# WalkServiceTest.testAuth09TamperedKeysCodesAndIdentifiersAreRejectedAndAudited: passed
# WalkServiceTest.testCond05And06GradeFilterClearsAndHiddenPeriodIsRetained: passed
# WalkServiceTest.testCond10HiddenSectionAnswersArePersistedAsHiddenAndReturn: passed
# WalkServiceTest.testCond12And13SkippableComponentClearsRatingsKeepsNotesInOneTransaction: passed
# WalkServiceTest.testCreateRequiresAnInScopeActiveOrgUnit: passed
# WalkServiceTest.testCrossScopeAccessFailsClosedThroughTheService: passed
# WalkServiceTest.testEmailDraftRoundTripAndSchema: passed
# WalkServiceTest.testEmailDraftSchemaRejectionsWriteNothing: passed
# WalkServiceTest.testPostCompletionEditAppendsARevisionAndMustStayComplete: passed
# WalkServiceTest.testSave04StaleWriteIsRejectedWithoutOverwriting: passed
# WalkServiceTest.testSave06RetryWithSameMutationIdCommitsOneLogicalChange: passed
# WalkServiceTest.testSaveRoundTripPersistsTypedValuesAndSurvivesRetrieval: passed
# WalkServiceTest.testServiceSummaryMatchesTheFormatterForAPersistedWalk: passed
# WalkServiceTest.testSummaryAuditCarriesNoNarrative: passed
# WalkServiceTest.testSummaryAuthorizationMatchesOpen: passed
# WalkServiceTest.testSummaryOfAVoidedWalkExportsAndWritesNothing: passed
# WalkServiceTest.testWalk02CreatePinsCurrentVersionOwnerAndDefaults: passed
# WalkServiceTest.testWalk03CreateRetryWithSameMutationIdCreatesOneWalk: passed
# WalkServiceTest.testWalk04ListSortsByUpdatedAtDescendingWithCardDimensions: passed
# WalkServiceTest.testWalk06And08VoidLifecycleAndDeleteRefusal: passed
# WalkServiceTest.testWalk09CompletionRejectsMissingRequiredResponsesAndKeepsTheDraft: passed
# WalkServiceTest.testWalk10CompletionSetsStatusTimestampRevisionAndAudit: passed
# WalkServiceTest.testWalk11OlderWalkRendersFromItsPinnedSnapshotAfterANewVersion: passed
# ConfigLoaderTest.testDefaultsFailClosedToProduction: passed
# ConfigLoaderTest.testDescribeOmitsSecrets: passed
# ConfigLoaderTest.testDevIdentityStubCannotBeEnabledInProduction: passed
# ConfigLoaderTest.testDevIdentityStubIsOnlyForDevelopmentOrTest: passed
# ConfigLoaderTest.testEnvFileParsing: passed
# ConfigLoaderTest.testInvalidEnvironmentAndLogLevelAreRejected: passed
# ConfigLoaderTest.testMaintenanceRequiresLongToken: passed
# ConfigLoaderTest.testReportSuppressionThresholdIsAWholeNumberOrRefused: passed
# ConfigLoaderTest.testTestRunnerIsNeverEnabledInProduction: passed
# ConfigLoaderTest.testUnpublishedInstrumentRenderingIsRefusedInProduction: passed
# InstrumentConfigValidatorTest.testABlankStatusIsRejected: passed
# InstrumentConfigValidatorTest.testALowerCaseStatusIsRejected: passed
# InstrumentConfigValidatorTest.testAMissingStatusIsRejected: passed
# InstrumentConfigValidatorTest.testAnExactDraftStatusIsAccepted: passed
# InstrumentConfigValidatorTest.testANonStringStatusIsRejected: passed
# InstrumentConfigValidatorTest.testANullStatusIsRejected: passed
# InstrumentConfigValidatorTest.testBadParentSectionIsReported: passed
# InstrumentConfigValidatorTest.testChoiceItemWithoutResponseSetIsRejected: passed
# InstrumentConfigValidatorTest.testConditionMismatchIsReported: passed
# InstrumentConfigValidatorTest.testCorruptConditionsJsonIsReported: passed
# InstrumentConfigValidatorTest.testDuplicateItemKeyIsReported: passed
# InstrumentConfigValidatorTest.testDuplicateOptionOrderIsReported: passed
# InstrumentConfigValidatorTest.testMissingResponseSetIsReportedWithSpecificReference: passed
# InstrumentConfigValidatorTest.testNonDraftStatusIsRejected: passed
# InstrumentConfigValidatorTest.testRetiredSipContentIsRejected: passed
# InstrumentConfigValidatorTest.testStructuralFailureStopsEarlyWithoutCrashing: passed
# InstrumentConfigValidatorTest.testSuppliedConfigurationIsValidWithSeventeenPlaceholderWarnings: passed
# InstrumentConfigValidatorTest.testUnsupportedRuleEffectIsReported: passed
# NullTextTest.testCanonicalJsonWritesTheStringNotNull: passed
# NullTextTest.testTheDatabaseBindersBindTheTextNotNull: passed
# NullTextTest.testTheHtmlEncoderKeepsIt: passed
# NullTextTest.testTheTypeHelpersCallItAString: passed
# SharedInstrumentBoundaryTest.testARefusedSharedMetadataConflictChangesNothingAndIsAudited: passed
# SharedInstrumentBoundaryTest.testImportingV2CannotAlterWhatTheRuntimeServesForV1: passed
# SharedInstrumentBoundaryTest.testImportingV2RenamesOnlyItsOwnVersionAndNotTheSharedRow: passed
# SharedInstrumentBoundaryTest.testImportingV2WithAnInactiveInstrumentCannotHidePublishedV1: passed
# SharedInstrumentBoundaryTest.testTheAuthorizedOperationCanChangeSharedMetadataAndAuditsIt: passed
# SharedInstrumentBoundaryTest.testTheAuthorizedOperationHasNoRoute: passed
# SharedInstrumentBoundaryTest.testTheAuthorizedOperationRefusesACallerThatIsNotAPrincipal: passed
# WalkSummaryCoherenceTest.testASummaryExportCannotStraddleAConcurrentSave: passed
# WalkSummaryCoherenceTest.testEveryMutationPathTakesTheSameWalkLock: passed
# WalkSummaryCoherenceTest.testTheConcurrencySeamFiresBetweenTheTwoAggregateReads: passed
# WalkSummaryCoherenceTest.testTheLockedExportStillWritesNothingAboutTheWalk: passed
# DefinitionValidatorTest.testARealNumericCountThatMatchesIsAccepted: passed
# DefinitionValidatorTest.testAValidEnvelopeIsAccepted: passed
# DefinitionValidatorTest.testBadSectionParentIsReported: passed
# DefinitionValidatorTest.testBlankOptionLabelIsReported: passed
# DefinitionValidatorTest.testChoiceItemWithoutResponseSetIsReported: passed
# DefinitionValidatorTest.testConditionsDocumentShapeIsReported: passed
# DefinitionValidatorTest.testCountsRefuseArraysAndObjects: passed
# DefinitionValidatorTest.testCountsRefuseNegativeFractionalAndOversizedNumbers: passed
# DefinitionValidatorTest.testDimensionValueWithMissingDimensionIsReported: passed
# DefinitionValidatorTest.testDuplicateDimensionCodeIsReported: passed
# DefinitionValidatorTest.testDuplicateDimensionValueOrderIsReported: passed
# DefinitionValidatorTest.testDuplicateItemKeyIsReported: passed
# DefinitionValidatorTest.testDuplicateOptionCodeIsReported: passed
# DefinitionValidatorTest.testDuplicateOptionOrderIsReported: passed
# DefinitionValidatorTest.testDuplicateRuleKeyIsReported: passed
# DefinitionValidatorTest.testDuplicateSectionKeyIsReported: passed
# DefinitionValidatorTest.testEmptyDefinitionsAreReported: passed
# DefinitionValidatorTest.testEnvelopeCountsMismatchIsReported: passed
# DefinitionValidatorTest.testEnvelopeIdentityMismatchIsReported: passed
# DefinitionValidatorTest.testEnvelopeWithoutDefinitionsIsReported: passed
# DefinitionValidatorTest.testErrorPathsAreRootedAtTheCallersPath: passed
# DefinitionValidatorTest.testEveryCountMemberRefusesABoolean: passed
# DefinitionValidatorTest.testEveryCountMemberRefusesAJsonStringEvenWhenItNamesTheRightNumber: passed
# DefinitionValidatorTest.testFlatFieldsDisagreeingWithTheDocumentAreReported: passed
# DefinitionValidatorTest.testInConditionWithoutAnArrayIsReported: passed
# DefinitionValidatorTest.testInvalidDimensionDataTypeIsReported: passed
# DefinitionValidatorTest.testInvalidEffectiveInstantIsReported: passed
# DefinitionValidatorTest.testInvalidRuleEffectIsReported: passed
# DefinitionValidatorTest.testInvalidRuleOperatorIsReported: passed
# DefinitionValidatorTest.testInvalidSelectionModeIsReported: passed
# DefinitionValidatorTest.testItemWithMissingSectionIsReported: passed
# DefinitionValidatorTest.testKeyCaseCollisionIsReported: passed
# DefinitionValidatorTest.testMissingCollectionIsReported: passed
# DefinitionValidatorTest.testMissingConditionsDocumentIsReported: passed
# DefinitionValidatorTest.testNonChoiceItemWithAResponseSetIsReported: passed
# DefinitionValidatorTest.testNonObjectDefinitionsAreReported: passed
# DefinitionValidatorTest.testOptionOrderOutOfRangeIsReported: passed
# DefinitionValidatorTest.testPlacementWithMissingDimensionIsReported: passed
# DefinitionValidatorTest.testPlacementWithMissingRuleIsReported: passed
# DefinitionValidatorTest.testPlacementWithMissingSectionIsReported: passed
# DefinitionValidatorTest.testResponseSetUsedByAnItemButEmptyIsReported: passed
# DefinitionValidatorTest.testRetiredSipContentIsReported: passed
# DefinitionValidatorTest.testRuleWithMissingSourceIsReported: passed
# DefinitionValidatorTest.testRuleWithMissingTargetIsReported: passed
# DefinitionValidatorTest.testSectionCycleIsReported: passed
# DefinitionValidatorTest.testSelfParentedSectionIsReported: passed
# DefinitionValidatorTest.testTheSuppliedInstrumentIsValid: passed
# DefinitionValidatorTest.testUnknownSnapshotFormatIsReported: passed
# DefinitionValidatorTest.testUnsupportedItemTypeIsReported: passed
# DefinitionValidatorTest.testUnsupportedRuleEffectIsReported: passed
# InstrumentDocumentExporterTest.testAPublishedVersionExportsToADraftWithTheSameDefinitions: passed
# InstrumentDocumentExporterTest.testEveryCollectionExportsEveryRow: passed
# InstrumentDocumentExporterTest.testEveryRowKeepsItsAuthoringIdAndItsReferences: passed
# InstrumentDocumentExporterTest.testRowsComeOutInReadingOrder: passed
# InstrumentDocumentExporterTest.testTheExportNormalizesBackToTheSameVersion: passed
# InstrumentDocumentExporterTest.testTheExportPassesTheAuthoringValidatorLikeTheSuppliedDocument: passed
# PublishConcurrencyBarrierTest.testImportVersusPublishQueuesRatherThanDeadlocking: passed
# PublishConcurrencyBarrierTest.testPublishVersusImportReachesOneSerialOutcome: passed
# PublishConcurrencyBarrierTest.testPublishVersusNewDimensionIdentityReachesOneSerialOutcome: passed
# PublishConcurrencyBarrierTest.testPublishVersusNewDimensionValueIdentityReachesOneSerialOutcome: passed
# PublishConcurrencyBarrierTest.testPublishVersusPublishReachesOneSerialOutcome: passed
# SharedMetadataConcurrencyBarrierTest.testAConflictRefusalMovesNothingAndLeavesOneDurableAudit: passed
# SharedMetadataConcurrencyBarrierTest.testADeactivationIsNotLostByAConcurrentRename: passed
# SharedMetadataConcurrencyBarrierTest.testARenameIsNotLostByAConcurrentDeactivation: passed
# SharedMetadataConcurrencyBarrierTest.testEachAuditDescribesTheRowItActuallyReplaced: passed
# SharedMetadataConcurrencyBarrierTest.testImportDecidesTheSharedConflictOnTheLockedCurrentRowNotItsEarlierLookup: passed
# SharedMetadataConcurrencyBarrierTest.testImportQueuesForTheSharedRowAndThenDecidesOnIt: passed
# WalkSummaryFormatterTest.testAnUnsafeFileNamePatternIsRefused: passed
# WalkSummaryFormatterTest.testAverageTextMatchesTheSharedRoundingVectors: passed
# WalkSummaryFormatterTest.testComponentAverageUsesAnsweredScoresOnly: passed
# WalkSummaryFormatterTest.testConditionalCardsFollowThePrototypeExportOrder: passed
# WalkSummaryFormatterTest.testEmailDraftPartsAndTemplates: passed
# WalkSummaryFormatterTest.testFileLabelSanitizationMatchesTheSharedVectors: passed
# WalkSummaryFormatterTest.testFileNameSanitization: passed
# WalkSummaryFormatterTest.testHiddenSectionsAndHiddenPeriodAreExcluded: passed
# WalkSummaryFormatterTest.testMatchesTheSharedSummaryVectorsExactly: passed
# WalkSummaryFormatterTest.testStoredMarkupIsExportedVerbatimAsText: passed
# WalkSummaryFormatterTest.testTextShapeIsStable: passed
# WalkSummaryFormatterTest.testUnresolvablePartFailsLoudly: passed
# DimensionVersionIsolationTest.testNormalizedDefinitionsForV1AreUnchangedAfterTheNextImport: passed
# DimensionVersionIsolationTest.testPublishedSnapshotIsByteForByteUnchangedAfterTheNextImport: passed
# DimensionVersionIsolationTest.testReportingIdentityIsSharedAcrossVersions: passed
# DimensionVersionIsolationTest.testTheWalkIndexOfAPinnedVersionIsUnaffectedByTheNextImport: passed
# DimensionVersionIsolationTest.testV1KeepsItsOwnDimensionAndValueSemantics: passed
# DimensionVersionIsolationTest.testV1StillPassesTheChecksPublicationMadeAboutIt: passed
# DimensionVersionIsolationTest.testV2SeesItsOwnChangedSemantics: passed
# DimensionVersionIsolationTest.testWritingTheGlobalIdentityRowsDoesNotChangeAPublishedVersion: passed
# InstrumentImmutabilityTest.testAChildOfAnotherVersionCannotBeWrittenThroughThisOne: passed
# InstrumentImmutabilityTest.testARefusedGlobalIdentityCreationWritesNothing: passed
# InstrumentImmutabilityTest.testEveryMutatorIsRefusedForAPublishedVersion: passed
# InstrumentImmutabilityTest.testEveryMutatorIsRefusedForARetiredVersion: passed
# InstrumentImmutabilityTest.testEveryRepositoryMutatorIsCoveredHere: passed
# InstrumentImmutabilityTest.testEverySharedOrGlobalMutatorEnforcesItsOwnContract: passed
# InstrumentImmutabilityTest.testGlobalIdentityCreationStillWorksForADraft: passed
# InstrumentImmutabilityTest.testRefusalAuditCarriesLifecycleFactsAndNoContent: passed
# InstrumentImmutabilityTest.testRefusedDiscardOfADraftInUseRollsBackAndLeavesExactlyOneDurableAudit: passed
# InstrumentImmutabilityTest.testRefusedDiscardRollsBackAndLeavesExactlyOneDurableAudit: passed
# InstrumentImmutabilityTest.testRefusedImportOfADraftInUseRollsBackAndLeavesExactlyOneDurableAudit: passed
# InstrumentImmutabilityTest.testRefusedImportRollsBackAndLeavesExactlyOneDurableAudit: passed
# InstrumentImmutabilityTest.testTheLifecycleTransitionsEnforceTheirOwnContract: passed
# InstrumentImmutabilityTest.testTheSameMutatorsStillWriteForADraft: passed
# InstrumentImmutabilityTest.testTheSharedAndGlobalInventoryNamesOnlyRealMethods: passed
# RenderModelTest.testLayoutsAndNumberingComeFromResponseSetsAndOrder: passed
# RenderModelTest.testModelSerializesToCanonicalJsonWithoutGuids: passed
# RenderModelTest.testPlacementsCarryDimensionMetadataInAuthoredOrder: passed
# RenderModelTest.testPresentationIsDerivedFromStructureNotNames: passed
# RenderModelTest.testPromptsAndPlaceholdersComeFromTheConfiguration: passed
# RenderModelTest.testResponseOptionsAndDefinitionsMatchTheConfigurationExactly: passed
# RenderModelTest.testRulesArePassedThroughAndUnsupportedEffectsAreRefused: passed
# RenderModelTest.testSkippableComponentsDeriveApplicabilityFromRules: passed
# RenderModelTest.testTreeFollowsAuthoredParentsAndDisplayOrder: passed
# SnapshotCompilerTest.testCompiledSnapshotMatchesReferenceGolden: passed
# SnapshotCompilerTest.testRuleTargetsResolveToKeysNotLogicalIds: passed
# SnapshotCompilerTest.testSnapshotContainsNoDatabaseIdentifiersAndCarriesBehavior: passed
# DiscardIdentityBarrierTest.testADiscardNamingV1NeverDeletesTheV2ThatTookItsLabel: passed
# DiscardIdentityBarrierTest.testTheIdAddressedDiscardRefusesExactlyAsBefore: passed
# InstrumentImportServiceTest.testDb04ImportCreatesDraftWithMappedGuidsAndSnapshot: passed
# InstrumentImportServiceTest.testDb05ReimportIsIdempotentWithStableGuidsAndChecksum: passed
# InstrumentImportServiceTest.testDb06ImportAgainstPublishedVersionIsRefusedWithoutChanges: passed
# InstrumentImportServiceTest.testDb07MissingResponseSetRollsBackWithSpecificError: passed
# InstrumentImportServiceTest.testDb08CorruptConditionsJsonRollsBack: passed
# InstrumentImportServiceTest.testDb09ResponseOptionDefinitionsMatchTheJsonExactly: passed
# InstrumentImportServiceTest.testDiscardDraftRemovesVersionAndChildren: passed
# InstrumentImportServiceTest.testListVersionsIncludesImportedDraft: passed
# InstrumentImportServiceTest.testReorderedReimportSucceedsAndReturnsToGolden: passed
# InstrumentImportServiceTest.testTransactionRollsBackWhenDatabaseRejectsAWrite: passed
# ReportCoherenceTest.testAReleaseFreezesEveryWalkInOneCommittedState: passed
# ReportCoherenceTest.testAReportThatNeverSeesAStableStateIsRefused: passed
# ReportCoherenceTest.testAReportThatStraddlesACommittedSaveIsRecomputedCoherently: passed
# ReportCoherenceTest.testAStablePopulationIsReportedOnTheFirstAttempt: passed
# ReportCoherenceTest.testAWalkVoidedMidReportLeavesThePopulationCleanly: passed
# SnapshotServiceTest.testCurrentVersionFallsBackToTheSeededDraftOutsideProduction: passed
# SnapshotServiceTest.testInvalidAndUnknownVersionsFailClosed: passed
# SnapshotServiceTest.testProductionSemanticsRequireAPublishedVersion: passed
# SnapshotServiceTest.testSnapshotIsParsedOnceAndCachedByChecksum: passed
# DraftEditorTest.testAnEditToTheSameValueIsNotAChange: passed
# DraftEditorTest.testAnUnrelatedEditLeavesTheContentReviewSummaryAlone: passed
# DraftEditorTest.testKeysAreMatchedExactlyNotCaseInsensitively: passed
# DraftEditorTest.testMalformedRequestsAreRefusedWithStableCodes: passed
# DraftEditorTest.testMarkingAnItemAsAPlaceholderAppendsItToTheSummary: passed
# DraftEditorTest.testNullableFieldsClearAndRequiredFieldsRefuseBlank: passed
# DraftEditorTest.testOnePromptEditChangesExactlyThatPrompt: passed
# DraftEditorTest.testResolvingAPlaceholderUpdatesTheContentReviewSummaryInOrder: passed
# DraftEditorTest.testSearchFindsEditableRowsByKeyAndWording: passed
# DraftEditorTest.testSectionOptionAndVersionFieldsAreEditable: passed
# DraftEditorTest.testTheNormalizedDocumentIsTheExactInverseOfCompilation: passed
# InstrumentMetadataServiceTest.testACaseOnlyDescriptionChangeIsMaterial: passed
# InstrumentMetadataServiceTest.testACaseOnlyNameChangeIsMaterial: passed
# InstrumentMetadataServiceTest.testAKnownUserWithNoRoleAtAllIsDeniedAndChangesNothing: passed
# InstrumentMetadataServiceTest.testAKnownUserWithoutInstrumentManageIsDeniedAndChangesNothing: passed
# InstrumentMetadataServiceTest.testAMalformedActiveIsRefusedRatherThanCoerced: passed
# InstrumentMetadataServiceTest.testAMissingInstrumentIsRefusedWithoutAuditingSuccess: passed
# InstrumentMetadataServiceTest.testAnEmptyPatchIsRefusedWithoutAWrite: passed
# InstrumentMetadataServiceTest.testAnInvalidDescriptionIsRefusedWithoutAWrite: passed
# InstrumentMetadataServiceTest.testAnInvalidNameIsRefusedWithoutAWrite: passed
# InstrumentMetadataServiceTest.testAnUnknownPatchMemberIsRefusedWithoutAWrite: passed
# InstrumentMetadataServiceTest.testAPartialPatchKeepsTheStoredValueOfWhatItOmits: passed
# InstrumentMetadataServiceTest.testAPatchWithNoMaterialDifferenceIsAnAuditFreeNoOp: passed
# InstrumentMetadataServiceTest.testAUserWithAnEffectiveInstrumentManageAssignmentSucceeds: passed
# InstrumentMetadataServiceTest.testTheAuditActorIsTheAuthorizedPrincipalAndCannotBeOverridden: passed
# InstrumentMetadataServiceTest.testTheAuditNamesChangedFieldsWithoutCopyingNarrativeContent: passed
# InstrumentMetadataServiceTest.testTheOperationRemainsUnreachableFromHttpAndControllers: passed
# InstrumentMetadataServiceTest.testTheOperationRequiresAPrincipalRatherThanAnActorId: passed
# ReportDisclosureTest.testAPartialBreakdownNeverWithholdsExactlyOneCell: passed
# ReportDisclosureTest.testAPartialPatternThatWouldPinItsCellsIsWithheldWhole: passed
# ReportDisclosureTest.testEveryWithheldCellHasAtLeastTwoConsistentValuesFork3: passed
# ReportDisclosureTest.testEveryWithheldCellHasAtLeastTwoConsistentValuesFork4: passed
# ReportDisclosureTest.testInstrumentRulesLinkBreakdownsIntoGroups: passed
# ReportDisclosureTest.testKnownBreakdowns: passed
# ReportDisclosureTest.testTheGroupRuleIsAllOrNothing: passed
# ReportDisclosureTest.testTheMinimumCannotGoBelowTheApprovedFloor: passed
# ValidatorRendererContractTest.testActiveChoiceItemWhoseSetHasNoActiveOptionIsRefused: passed
# ValidatorRendererContractTest.testActiveItemInAnInactiveSectionIsRefused: passed
# ValidatorRendererContractTest.testActiveItemReferencingAnInactiveResponseSetIsRefused: passed
# ValidatorRendererContractTest.testActiveListPlacementWithNoActiveValuesIsRefused: passed
# ValidatorRendererContractTest.testActivePlacementOfAnInactiveDimensionIsRefused: passed
# ValidatorRendererContractTest.testActiveRuleSourcedFromInactiveContentIsRefused: passed
# ValidatorRendererContractTest.testActiveRuleTargetingInactiveContentIsRefused: passed
# ValidatorRendererContractTest.testActiveSectionDetachedFromTheRootIsRefused: passed
# ValidatorRendererContractTest.testActiveSectionUnderAnInactiveParentIsRefused: passed
# ValidatorRendererContractTest.testARepresentativeMinimalInstrumentIsAcceptedAndBuildsCompletely: passed
# ValidatorRendererContractTest.testMultiChoiceIsRefusedBecauseTheRuntimeDoesNotImplementIt: passed
# ValidatorRendererContractTest.testNoActiveRootSectionIsRefused: passed
# ValidatorRendererContractTest.testRetiredItemTypesAreRefusedAtImportToo: passed
# ValidatorRendererContractTest.testShortTextIsRefusedBecauseTheRuntimeDoesNotImplementIt: passed
# ValidatorRendererContractTest.testTheSuppliedInstrumentIsAcceptedAndBuildsCompletely: passed
# ValidatorRendererContractTest.testTheSupportedOptionFilterIsAccepted: passed
# ValidatorRendererContractTest.testTwoActiveRootSectionsAreRefused: passed
# ValidatorRendererContractTest.testUnknownOptionFilterIsRefused: passed
# DraftReplacementConcurrencyTest.testACorrectReplacementSucceedsOnceAndIsAuditedAgainstTheExactPriorVersion: passed
# DraftReplacementConcurrencyTest.testACreateOnlyImportQueuedBehindTheCreationOfItsLabelIsRefused: passed
# DraftReplacementConcurrencyTest.testAnExportNeverPairsOneStatesMetadataWithAnotherStatesDocument: passed
# DraftReplacementConcurrencyTest.testAReplacementNamingAnOlderChecksumCannotOverwriteTheNewerDraft: passed
# DraftReplacementConcurrencyTest.testAReplacementQueuedBehindAnEditMadeAfterItWasConfirmedIsRefused: passed
# DraftReplacementConcurrencyTest.testAReplacementThatNamesAnythingElseIsRefusedAndWritesNothing: passed
# InstrumentPublishServiceTest.testACountStoredAsTheExactMatchingStringIsRefused: passed
# InstrumentPublishServiceTest.testAPublishedVersionBecomesSelectableAsCurrent: passed
# InstrumentPublishServiceTest.testAPublishedVersionCannotBeReimported: passed
# InstrumentPublishServiceTest.testAssertDraftForWriteRefusesAPublishedVersion: passed
# InstrumentPublishServiceTest.testATopLevelArraySnapshotIsRefused: passed
# InstrumentPublishServiceTest.testATopLevelNullSnapshotIsARefusalAndNotAnEngineError: passed
# InstrumentPublishServiceTest.testATopLevelScalarSnapshotIsRefused: passed
# InstrumentPublishServiceTest.testDefinitionsDriftIsRefusedAndNothingChanges: passed
# InstrumentPublishServiceTest.testDuplicateLogicalKeysCannotBePersistedAtAll: passed
# InstrumentPublishServiceTest.testEnvelopeWithAnUnexpectedCountIsRefused: passed
# InstrumentPublishServiceTest.testEnvelopeWithAnyMissingCountMemberIsRefused: passed
# InstrumentPublishServiceTest.testEnvelopeWithEmptyCountsIsRefused: passed
# InstrumentPublishServiceTest.testEnvelopeWithFractionalCountIsRefused: passed
# InstrumentPublishServiceTest.testEnvelopeWithNegativeCountIsRefused: passed
# InstrumentPublishServiceTest.testEnvelopeWithNoCountsIsRefused: passed
# InstrumentPublishServiceTest.testEnvelopeWithNonNumericCountIsRefused: passed
# InstrumentPublishServiceTest.testEnvelopeWithNoPlaceholderCountIsRefused: passed
# InstrumentPublishServiceTest.testMarkPublishedRefusesAnEmptyPublisher: passed
# InstrumentPublishServiceTest.testNegativeFractionalAndOversizedCountsAreRefused: passed
# InstrumentPublishServiceTest.testNoncanonicalSnapshotBytesAreRefusedEvenWithAMatchingChecksum: passed
# InstrumentPublishServiceTest.testPublishFreezesTheImportedSnapshotByteForByte: passed
# InstrumentPublishServiceTest.testPublishingAnUnknownVersionIsNotFound: passed
# InstrumentPublishServiceTest.testPublishingAPublishedVersionIsRefusedAndAudited: passed
# InstrumentPublishServiceTest.testPublishingRefusesAMalformedVersionId: passed
# InstrumentPublishServiceTest.testPublishingWithoutAValidPublisherIsRefusedAndChangesNothing: passed
# InstrumentPublishServiceTest.testPublishRecordsTheAuthenticatedPublisher: passed
# InstrumentPublishServiceTest.testSemanticActiveItemWithInactiveResponseSetIsRefused: passed
# InstrumentPublishServiceTest.testSemanticBadSectionParentIsRefused: passed
# InstrumentPublishServiceTest.testSemanticChoiceItemWithNoActiveOptionIsRefused: passed
# InstrumentPublishServiceTest.testSemanticChoiceItemWithoutResponseSetIsRefused: passed
# InstrumentPublishServiceTest.testSemanticDuplicateDimensionValueOrderIsRefused: passed
# InstrumentPublishServiceTest.testSemanticEmptyDefinitionsAreRefused: passed
# InstrumentPublishServiceTest.testSemanticInvalidDimensionDataTypeIsRefused: passed
# InstrumentPublishServiceTest.testSemanticInvalidOptionOrderIsRefused: passed
# InstrumentPublishServiceTest.testSemanticItemOrphanedByAnInactiveSectionIsRefused: passed
# InstrumentPublishServiceTest.testSemanticListPlacementWithNoActiveValuesIsRefused: passed
# InstrumentPublishServiceTest.testSemanticMalformedConditionsAreRefused: passed
# InstrumentPublishServiceTest.testSemanticMultiChoiceItemTypeIsRefused: passed
# InstrumentPublishServiceTest.testSemanticNoActiveRootIsRefused: passed
# InstrumentPublishServiceTest.testSemanticOptionInAForeignResponseSetIsRefused: passed
# InstrumentPublishServiceTest.testSemanticPlacementOfInactiveDimensionIsRefused: passed
# InstrumentPublishServiceTest.testSemanticPlacementWithMissingRuleIsRefused: passed
# InstrumentPublishServiceTest.testSemanticResponseSetWithoutOptionsIsRefused: passed
# InstrumentPublishServiceTest.testSemanticRuleWithMissingTargetIsRefused: passed
# InstrumentPublishServiceTest.testSemanticSectionOrphanedByAnInactiveParentIsRefused: passed
# InstrumentPublishServiceTest.testSemanticShortTextItemTypeIsRefused: passed
# InstrumentPublishServiceTest.testSemanticSnapshotCountsMismatchIsRefused: passed
# InstrumentPublishServiceTest.testSemanticSnapshotFormatIsRefused: passed
# InstrumentPublishServiceTest.testSemanticSnapshotIdentityMismatchIsRefused: passed
# InstrumentPublishServiceTest.testSemanticTwoActiveRootsAreRefused: passed
# InstrumentPublishServiceTest.testSemanticUnknownOptionFilterIsRefused: passed
# InstrumentPublishServiceTest.testSemanticUnsupportedRuleEffectIsRefused: passed
# InstrumentPublishServiceTest.testSnapshotWithNoncanonicalKeyOrderIsRefused: passed
# ReportIsolationTest.testALiveReportAndAReleaseAreIsolatedAtTheScopeBoundary: passed
# ReportIsolationTest.testAPopulationIsRefusedOutsideATransaction: passed
# ReportIsolationTest.testAPopulationRefusesToContinueOnAnotherConnection: passed
# ReportIsolationTest.testAReleaseAndALiveReportAreIsolatedAtTheScopeBoundary: passed
# ReportIsolationTest.testAReportLeavesNoPopulationTableBehindOnSuccessOrFailure: passed
# ReportIsolationTest.testPopulationTablesAreConnectionLocalAndUniquePerComputation: passed
# ReportIsolationTest.testTwoReportsOnDisjointScopesAreIsolatedAtTheScopeBoundary: passed
# VisibilityEngineTest.testAnsweredRequiresAValidOptionAndUnansweredIsNeverNumeric: passed
# VisibilityEngineTest.testBlankStateAppliesConfiguredDefaults: passed
# VisibilityEngineTest.testConditionalClassroomSectionsFollowGradeClassTypeAndContent: passed
# VisibilityEngineTest.testGradeFilteringFollowsSchoolGroup: passed
# VisibilityEngineTest.testHiddenConditionalAnswersAreRetainedAndReappear: passed
# VisibilityEngineTest.testInvalidGradeIsClearedAndDependentVisibilityRecalculates: passed
# VisibilityEngineTest.testMatchesTheSharedVectorsExactly: passed
# VisibilityEngineTest.testPeriodVisibilityAndHiddenRetentionPolicy: passed
# VisibilityEngineTest.testSkippableComponentClearsRatingsKeepsNotesAndReturnsUnanswered: passed
# VisibilityEngineTest.testUnsupportedOperatorsAreRefused: passed
# EngineBooleanTest.testLiteralsAndComparisonsAreBooleans: passed
# EngineBooleanTest.testNothingElseIsTakenForABoolean: passed
# InstrumentScopeTest.testACorruptedSnapshotFailsClosedOnAnUncachedLoad: passed
# InstrumentScopeTest.testASecondInstrumentNeverSuppliesTheCurrentVersion: passed
# InstrumentScopeTest.testDiscardDraftCannotReachAnotherInstrumentsSameLabelDraft: passed
# InstrumentScopeTest.testFutureAndExpiredIcfwalkVersionsAreNotSelected: passed
# ReportReleaseMembershipTest.testAWalkWhoseDateIsCorrectedIntoLaterDatesIsNeverCountedByASecondRelease: passed
# ReportReleaseMembershipTest.testTheDatabaseRefusesToPutAReleasedWalkIntoAnotherRelease: passed
# WalkCorrectionTest.testCorr01CreateReplayIsReauthorizedAfterAccessIsRevoked: passed
# WalkCorrectionTest.testCorr02ReplayOfARecordedMutationOutsideScopeIsNotFound: passed
# WalkCorrectionTest.testCorr03SameMutationIdWithAnAlteredRequestIsRefused: passed
# WalkCorrectionTest.testCorr04CreateReplaySurvivesANewerPublishedVersion: passed
# WalkCorrectionTest.testCorr05OmittedHiddenValueIsRetained: passed
# WalkCorrectionTest.testCorr06HiddenValueInjectionIsIgnored: passed
# WalkCorrectionTest.testCorr07HideThenShowRestoresTheStoredValue: passed
# WalkCorrectionTest.testCorr08OmittingAVisibleValueClearsIt: passed
# WalkCorrectionTest.testCorr09NotApplicableClearsRatingsAndKeepsNotes: passed
# WalkCorrectionTest.testCorr10EveryMutationRequiresAClientMutationId: passed
# WalkCorrectionTest.testCorr11SaveCompleteAndVoidRequireARowVersionButCreateDoesNot: passed
# WalkCorrectionTest.testCorr12AStaleVoidIsARefusalThatChangesNothing: passed
# WalkCorrectionTest.testCorr13IdenticalCompletedSaveIsANoOpAndAMaterialOneAppendsOneRevision: passed
# WalkCorrectionTest.testCorr14VisitDateSetThenClearedFallsBackToTheCreationInstant: passed
# WalkCorrectionTest.testCorr15WholeStateSaveRequiresBothRootContainers: passed
# WalkCorrectionTest.testCorr16JsonPrimitiveTypesAreCheckedNotCoerced: passed
# WalkCorrectionTest.testCorr17ClientAssertedResponseStateCannotControlPersistedState: passed
# ExactAssertionTest.testAnUnreadRowVersionIsRefusedRatherThanCompared: passed
# ExactAssertionTest.testAssertThrowsComparesTheErrorcodeExactly: passed
# ExactAssertionTest.testExactJsonKeepsTheCaseOfCodesAndKeys: passed
# ExactAssertionTest.testExactTextNeverReadsTextAsANumberOrABoolean: passed
# ExactAssertionTest.testExactTextRefusesNullAndStructuresInsteadOfStringifyingThem: passed
# ExactAssertionTest.testExactTextTellsACaseOnlyDifferenceApart: passed
# ExactAssertionTest.testIdenticalRowVersionsFailTheChangedHelper: passed
# ExactAssertionTest.testIdenticalRowVersionsPassTheEqualsHelper: passed
# ExactAssertionTest.testIdenticalTextFailsTheNotEqualsHelper: passed
# ExactAssertionTest.testIdenticalTextPassesTheEqualsHelper: passed
# ExactAssertionTest.testNoSpecSendsARowVersionOrALiteralTextThroughTheCoercivePath: passed
# ExactAssertionTest.testRowVersionsAreNeverNormalized: passed
# ExactAssertionTest.testRowVersionsE988AndE989AreDifferentTokens: passed
# ExactAssertionTest.testTheCoerciveHelpersRefuseARowVersionToken: passed
# InstrumentVersionComparerTest.testAddedAndRemovedRowsAreReported: passed
# InstrumentVersionComparerTest.testIdenticalSnapshotsAreReportedIdentical: passed
# InstrumentVersionComparerTest.testOnePromptChangeIsReportedExactly: passed
# InstrumentVersionComparerTest.testOptionsRulesReportabilityAndReviewStateAreCompared: passed
# InstrumentVersionComparerTest.testStructuredValuesAreComparedCanonicallyAndTypeExactly: passed
# InstrumentVersionComparerTest.testVersionAndInstrumentFactsAreReportedAsMetadata: passed
# ReportReleaseTest.testAReleaseDoesNotChangeWhenWalksDo: passed
# ReportReleaseTest.testAReleaseRequestIsExactlyAClosedPeriod: passed
# ReportReleaseTest.testASectionMeanOnTooFewRatingsIsWithheld: passed
# ReportReleaseTest.testLogsAndAuditCarryNoWithheldFigureOrNarrative: passed
# ReportReleaseTest.testNoBreakdownWithholdsASingleRecoverableCell: passed
# ReportReleaseTest.testNoFilterThatChangesWhoIsCountedIsAcceptedOnARelease: passed
# ReportReleaseTest.testNoPartOfAReleaseCanBeDeleted: passed
# ReportReleaseTest.testOneWalkAndBelowMinimumPopulationsAreWithheldAndNeverStored: passed
# ReportReleaseTest.testOnlyCompletedWalksOfThePeriodAreReleasedWithNoStatusSplit: passed
# ReportReleaseTest.testOnlySomeoneWhoCanOpenEveryWalkMayRelease: passed
# ReportReleaseTest.testReleasedDatesNeverOverlap: passed
# ReportReleaseTest.testReportOnlyUsersCannotReadLiveFigures: passed
# ReportReleaseTest.testSmallDimensionValueAndStateCellsAreWithheld: passed
# ReportReleaseTest.testSmallItemCellsAndTheirComplementsAreWithheld: passed
# ReportReleaseTest.testTheDistrictIsTheSumOfWhatEachSchoolPublishes: passed
# ReportReleaseTest.testTheExportCarriesExactlyWhatTheJsonPublishes: passed
# WalkListBoundTest.testAWideScopeReadsTheDimensionValuesOfTheListedWalksOnly: passed
# WalkListBoundTest.testMineStillListsTheOwnersWalksWithTheirValues: passed
# GlobalIdentityBoundaryTest.testAFrozenVersionCannotMintIdentityAndNothingMoves: passed
# GlobalIdentityBoundaryTest.testAnAbsentVersionCannotMintIdentity: passed
# GlobalIdentityBoundaryTest.testBothCreatorsWriteForADraftOutsideAnyTransaction: passed
# GlobalIdentityBoundaryTest.testMintingIdentityIsQualifiedByItsOwnStatement: passed
# GlobalIdentityBoundaryTest.testWhenTheMintWinsExactlyOneIdentityAppearsAndPublishStillSucceeds: passed
# GlobalIdentityBoundaryTest.testWhenTheValueMintWinsExactlyOneIdentityAppearsAndPublishStillSucceeds: passed
# LinkUrlSchemeTest.testAnEmptyLinkIsNoLink: passed
# LinkUrlSchemeTest.testAnImportAcceptsHttpAndHttpsLinks: passed
# LinkUrlSchemeTest.testAnImportRefusesEveryLinkThatIsNotHttpOrHttps: passed
# LinkUrlSchemeTest.testPublicationRefusesADraftHoldingSuchALink: passed
# LinkUrlSchemeTest.testTheSuppliedInstrumentHasALinkAndItIsAccepted: passed
# ReportServiceTest.testCsvExportIsRfc4180AndNeutralizesFormulas: passed
# ReportServiceTest.testInstrumentAdminAndRolelessUsersAreRefused: passed
# ReportServiceTest.testLiveFiguresOnlyForSomeoneWhoCanOpenEveryWalkCounted: passed
# ReportServiceTest.testRetainedAnswersOfAHiddenSectionAreCountedAsHidden: passed
# ReportServiceTest.testRpt01SchoolRoleReportsOnlyItsAssignedSchool: passed
# ReportServiceTest.testRpt02DistrictRoleAggregatesDescendantSchoolsOnly: passed
# ReportServiceTest.testRpt03ReportOnlyUsersReceiveNoIndividualWalkOrIdentifier: passed
# ReportServiceTest.testRpt04OnlyAnsweredScoresEnterTheAverage: passed
# ReportServiceTest.testRpt05SectionMeansArePooledFromItemLevelResponses: passed
# ReportServiceTest.testRpt06NarrativeEmailAndTeacherFieldsNeverLeave: passed
# ReportServiceTest.testRpt07EveryFilterNarrowsThePopulationWithinScope: passed
# ReportServiceTest.testTheCatalogIsDerivedFromTheVersionAndItsEngine: passed
# ReportServiceTest.testUnknownMalformedAndOutOfContractFiltersAreRefused: passed
# ReportServiceTest.testVoidedWalksNeverCountAndDraftsOnlyOnRequest: passed
# ReportServiceTest.testWalksOfAnotherVersionNeverJoinTheReport: passed
# WalkMutationResponseTest.testACompleteAnsweredWithItsOwnStateWhenAnotherSessionCommitsAtTheCommitBoundary: passed
# WalkMutationResponseTest.testANoopSaveOnACompletedWalkIsAlsoCoherent: passed
# WalkMutationResponseTest.testASaveAnsweredWithItsOwnStateWhenAnotherSessionCommitsAtTheCommitBoundary: passed
# WalkMutationResponseTest.testNoConcurrentWriterCanCommitWhileTheResponseIsBeingBuilt: passed
# WalkMutationResponseTest.testTheResponseCoherenceInvariantHoldsForBothSaveAndComplete: passed
# IdentityTest.testAuthenticationProvisionsAndBuildsPrincipal: passed
# IdentityTest.testConfigLoaderRejectsUnsafeIdentitySettings: passed
# IdentityTest.testDevelopmentStubCannotBeConstructedWhenNotPermitted: passed
# IdentityTest.testDevelopmentStubReadsOnlyItsOwnHeaders: passed
# IdentityTest.testHeaderProviderRejectsMissingOrMalformedSubjects: passed
# IdentityTest.testHeaderProviderRequiresSharedSecretWhenConfigured: passed
# IdentityTest.testHeaderProviderTrustsOnlyListedProxies: passed
# IdentityTest.testHeaderProviderWithNoProxyListTrustsNobody: passed
# IdentityTest.testInactiveUserIsRejectedByAuthentication: passed
# IdentityTest.testProvisioningIsKeyedBySubjectAndTolerantOfEmailCollisions: passed
# LoggerTest.testEntrySerializesAsSingleJsonLine: passed
# LoggerTest.testLevelThresholds: passed
# LoggerTest.testRedactsSensitiveKeysAndTruncatesLongText: passed
# RequestBodyReadBoundTest.testABodyWithinTheLimitIsReadWholeAndExactly: passed
# RequestBodyReadBoundTest.testMultibyteTextIsBoundedInBytes: passed
# RequestBodyReadBoundTest.testShortReadsLikeANetworkStreamStopAtTheSameByte: passed
# RequestBodyReadBoundTest.testTheReaderConsumesExactlyOneBytePastTheLimitWhenTheWholeBodyHasArrived: passed
# RequestBodyReadBoundTest.testTheRouterReadsABodyWithinTheLimitToItsEndAndParsesItOnce: passed
# RequestBodyReadBoundTest.testTheRouterRefusesAnOversizedChunkedImportAfterReadingExactlyOneBytePast: passed
# RequestBodyReadBoundTest.testTheRouterTakesNothingFromTheStreamBeforeAuthenticationCsrfOrADeclaredOversizedLength: passed
# RequestBodyReadBoundTest.testTheServerMaximumIsBoundTheSameWay: passed
# WalkReplayCoherenceTest.testAConcurrentSaveCannotLandBetweenTheCoherenceCheckAndTheDto: passed
# WalkReplayCoherenceTest.testAnAlteredRequestAgainstALegacyRowIsTheSameRefusal: passed
# WalkReplayCoherenceTest.testAnExactLookingRetryAgainstALegacyRowIsARefusal: passed
# WalkReplayCoherenceTest.testAnOldSaveReplayedAfterALaterSaveCannotOverwriteIt: passed
# WalkReplayCoherenceTest.testAReplayIsStillIdempotentWhileTheAggregateHasNotMoved: passed
# WalkReplayCoherenceTest.testASupersededReplayNeverMaterializesTheNewerAggregate: passed
# WalkReplayCoherenceTest.testAuthorizationAnswersBeforeTheLegacyConflict: passed
# WalkReplayCoherenceTest.testCreateCompleteAndVoidReplaysAreAlsoRefusedOnceSuperseded: passed
# engine=ColdFusion Server 2023,0,25,330977 passed=533 failed=0 skipped=0 ms=1386199 parts=12
# Subtest: seed import of the aligned DRAFT is idempotent through the maintenance endpoint
ok 5 - seed import of the aligned DRAFT is idempotent through the maintenance endpoint
  ---
  duration_ms: 10095.240057
  type: 'test'
  ...
1..5
# tests 5
# suites 0
# pass 5
# fail 0
# cancelled 0
# skipped 0
# todo 0
# duration_ms 1397230.593382
exit=0
