TAP version 13
# (node:2318) [DEP0123] DeprecationWarning: Setting the TLS ServerName to an IP address is not permitted by RFC 6066. This will be ignored in a future version.
# (Use `node --trace-deprecation ...` to show where the warning was created)
# Started icfwalk-acf-ready from adobecoldfusion/coldfusion2023@sha256:e42bbf07745ebd4d8c23d6679738ac13e264218618093bc3689ebfaf8966f30e (sha256:e42bbf07745ebd4d8c23d6679738ac13e264218618093bc3689ebfaf8966f30e)
# Administrator datasource 'a801readymujqd7wi_ds' (Microsoft JDBC driver 12.10.2.jre11, Other): DSN_VERIFIED=YES 
# The application did not answer on port 8500; see docker logs icfwalk-acf-ready and /opt/coldfusion/cfusion/logs
# Subtest: the readiness probe on a reachable database without the ICFWalk schema: 503 until it is migrated, 200 after (A8-01)
not ok 1 - the readiness probe on a reachable database without the ICFWalk schema: 503 until it is migrated, 200 after (A8-01)
  ---
  duration_ms: 1124883.079979
  type: 'test'
  location: '/tmp/icfwalk-red-tzbyxj/tests/ops/readiness-schema-missing.test.mjs:309:1'
  failureType: 'testCodeFailure'
  error: 'Command failed: /tmp/icfwalk-red-tzbyxj/tools/runtime/acf-up.sh'
  code: 'ERR_TEST_FAILURE'
  stack: |-
    genericNodeError (node:internal/errors:983:15)
    wrappedFn (node:internal/errors:537:14)
    checkExecSyncError (node:child_process:916:11)
    execFileSync (node:child_process:952:15)
    Object.start (file:///tmp/icfwalk-red-tzbyxj/tests/ops/readiness-schema-missing.test.mjs:201:7)
    process.processTicksAndRejections (node:internal/process/task_queues:103:5)
    async TestContext.<anonymous> (file:///tmp/icfwalk-red-tzbyxj/tests/ops/readiness-schema-missing.test.mjs:311:19)
    async Test.run (node:internal/test_runner/test:1054:7)
    async startSubtestAfterBootstrap (node:internal/test_runner/harness:296:3)
  ...
1..1
# tests 1
# suites 0
# pass 0
# fail 1
# cancelled 0
# skipped 0
# todo 0
# duration_ms 1125502.402118
