TAP version 13
# (node:32676) [DEP0123] DeprecationWarning: Setting the TLS ServerName to an IP address is not permitted by RFC 6066. This will be ignored in a future version.
# (Use `node --trace-deprecation ...` to show where the warning was created)
# Started icfwalk-acf-ready from adobecoldfusion/coldfusion2023@sha256:e42bbf07745ebd4d8c23d6679738ac13e264218618093bc3689ebfaf8966f30e (sha256:e42bbf07745ebd4d8c23d6679738ac13e264218618093bc3689ebfaf8966f30e)
# Administrator datasource 'a801readymujqbebg_ds' (Microsoft JDBC driver 12.10.2.jre11, Other): DSN_VERIFIED=YES 
# Health: {"application":"ICFWalk","checks":{"database":"ok","longText":"ok","schema":"missing"},"correlationId":"a5c89972-1ac2-44c2-bee7-df7104c09a71","status":"degraded"}
# (node:1840) [DEP0123] DeprecationWarning: Setting the TLS ServerName to an IP address is not permitted by RFC 6066. This will be ignored in a future version.
# (Use `node --trace-deprecation ...` to show where the warning was created)
# Subtest: the readiness probe on a reachable database without the ICFWalk schema: 503 until it is migrated, 200 after (A8-01)
ok 1 - the readiness probe on a reachable database without the ICFWalk schema: 503 until it is migrated, 200 after (A8-01)
  ---
  duration_ms: 84326.741643
  type: 'test'
  ...
# engine Adobe ColdFusion 2023: before migrations 503 {"database":"ok","longText":"ok","schema":"missing"}; after, no restart 200; after a restart 200
1..1
# tests 1
# suites 0
# pass 1
# fail 0
# cancelled 0
# skipped 0
# todo 0
# duration_ms 84867.091451
