TAP version 13
# (node:5247) [DEP0123] DeprecationWarning: Setting the TLS ServerName to an IP address is not permitted by RFC 6066. This will be ignored in a future version.
# (Use `node --trace-deprecation ...` to show where the warning was created)
# Subtest: an installation made by the Phase 6 release upgrades with 007, changing nothing that existed, and this release serves it; the frozen release serves it after a rollback
not ok 1 - an installation made by the Phase 6 release upgrades with 007, changing nothing that existed, and this release serves it; the frozen release serves it after a rollback
  ---
  duration_ms: 41133.54852
  type: 'test'
  location: '/home/user/ICFWalk/tests/ops/upgrade-and-rollback.test.mjs:242:1'
  failureType: 'testCodeFailure'
  error: |-
    {"error":{"code":"CSRF_TOKEN_INVALID","correlationId":"e77fbdcc-4807-4589-b869-8390135972a2","details":{},"message":"Missing or invalid CSRF token."}}
    
    403 !== 201
    
  code: 'ERR_ASSERTION'
  name: 'AssertionError'
  expected: 201
  actual: 403
  operator: 'strictEqual'
  stack: |-
    makeWalk (file:///home/user/ICFWalk/tests/ops/upgrade-and-rollback.test.mjs:137:10)
    process.processTicksAndRejections (node:internal/process/task_queues:103:5)
    async TestContext.<anonymous> (file:///home/user/ICFWalk/tests/ops/upgrade-and-rollback.test.mjs:308:17)
    async Test.run (node:internal/test_runner/test:1054:7)
    async startSubtestAfterBootstrap (node:internal/test_runner/harness:296:3)
  ...
# Phase 6 made 5 walks; 24 tables
1..1
# tests 1
# suites 0
# pass 0
# fail 1
# cancelled 0
# skipped 0
# todo 0
# duration_ms 42111.0891
